[hand-girl-a1-flat-palm-t] sleeve 58983 px; wrists [(576.9, 754.4, -2.3, 246.0)]
[hand-girl-a3-palm-up-t] sleeve 53377 px; wrists [(511.3, 780.3, -0.6, 262.0)]
[hand-girl-a3-palm-up-e] sleeve 118928 px; wrists [(466.0, 956.6, 28.7, 320.0)]
[hand-girl-a4-reach-e] sleeve 105255 px; wrists [(704.6, 806.5, -5.4, 256.0)]
[hand-girl-a5-wave-f1-e] sleeve 53199 px; wrists [(527.2, 777.4, -7.6, 242.0)]
[hand-girl-a5-wave-f2-e] sleeve 69491 px; wrists [(526.3, 761.0, -0.8, 244.0)]
[hand-girl-a6-palm-out-e] sleeve 73561 px; wrists [(523.8, 792.4, 2.0, 248.0)]
[hand-girl-a7-hand-on-heart-e] sleeve 78155 px; wrists [(894.5, 897.7, -44.3, 346.0)]
[hand-girl-a8-cupped-t] sleeve 41883 px; wrists [(511.3, 805.9, 1.2, 252.0)]
[hand-girl-a8-cupped-e] sleeve 100605 px; wrists [(417.7, 912.6, 33.9, 320.0)]
[hand-girl-b2-vertical-grip-t] sleeve 50855 px; wrists [(591.7, 710.4, 3.7, 238.0)]
[hand-girl-b2-vertical-grip-e] sleeve 102479 px; wrists [(753, 767, -28, 250)]
[hand-girl-b3-stick-grip-e] sleeve 96557 px; wrists [(621.4, 804.9, -3.3, 270.0)]
[hand-girl-b4-rolling-pin-t] sleeve 142294 px; wrists [(286.3, 785.1, 4.7, 244.0), (977.7, 792.9, -8.4, 250.0)]
[hand-girl-b5-hook-grip-t] sleeve 121148 px; wrists [(732.9, 968.9, 17.3, 354.0)]
[hand-girl-b5-hook-grip-e] sleeve 79622 px; wrists [(627.7, 814.9, 16.7, 288.0)]
[hand-girl-c1-pinch-f1-open-t] sleeve 79064 px; wrists [(767.8, 879.1, 8.3, 242.0)]
[hand-girl-c1-pinch-f2-closed-t] sleeve 63614 px; wrists [(773.7, 826.0, 0.6, 234.0)]
[hand-girl-c1-pinch-f1-open-e] sleeve 33428 px; wrists [(424.0, 816.9, 13.6, 232.0)]
[hand-girl-c1-pinch-f2-closed-e] sleeve 81478 px; wrists [(549.4, 971.9, 7.1, 258.0)]
[hand-girl-c4-point-t] sleeve 68801 px; wrists [(645.0, 804.9, 6.8, 246.0)]
[hand-girl-c4-point-e] sleeve 58931 px; wrists [(550.4, 710.2, -0.8, 246.0)]
[hand-girl-c5-two-hand-fold-t] sleeve 181965 px; wrists [(279.2, 1252.5, 17.9, 296.0), (1102, 918, -24, 245)]
[hand-girl-d1-grab-f1-open-t] sleeve 55674 px; wrists [(574.9, 765.9, -4.3, 252.0)]
[hand-girl-d1-grab-f2-closed-t] sleeve 60686 px; wrists [(679.6, 870.5, -1.4, 268.0)]
[hand-girl-d1-grab-f1-open-e] sleeve 62583 px; wrists [(728.1, 984.5, 1.3, 300.0)]
[hand-girl-d1-grab-f2-closed-e] sleeve 90130 px; wrists [(483.2, 919.1, 13.1, 284.0)]
[hand-girl-d2-c-hold-t] sleeve 87144 px; wrists [(877.3, 1164.1, 3.6, 286.0)]
[hand-girl-d2-c-hold-e] sleeve 97488 px; wrists [(1055.4, 917.1, -26.6, 344.0)]
[hand-girl-d4-squeeze-f1-half-t] sleeve 66590 px; wrists [(609.8, 712.7, 1.8, 270.0)]
[hand-girl-d4-squeeze-f2-tight-t] sleeve 33987 px; wrists [(506, 720, 0, 250)]
[hand-girl-d5-throw-release-e] sleeve 86315 px; wrists [(706.9, 941.5, -8.4, 264.0)]
[hand-girl-d6-two-hand-catch-f2-closed-e] sleeve 140367 px; wrists [(315.7, 731.3, 22.7, 220.0), (700.7, 731.8, -19.9, 226.0)]
[hand-girl-e1-thumbs-up-e] sleeve 51316 px; wrists [(577.4, 709.4, -11.4, 208.0)]
[hand-girl-e2-handshake-e] sleeve 73445 px; wrists [(959.2, 748.3, -61.7, 282.0)]
[hand-girl-e3-count-1-e] sleeve 57974 px; wrists [(542.2, 728.6, 1.5, 248.0)]
[hand-girl-e3-count-2-e] sleeve 54109 px; wrists [(494.5, 700.7, -1.2, 242.0)]
[hand-girl-e3-count-3-e] sleeve 61883 px; wrists [(530.7, 722.8, -1.7, 246.0)]
[hand-girl-e3-count-5-e] sleeve 59614 px; wrists [(518.7, 693.3, -1.8, 250.0)]
[hand-girl-e4-clap-f1-apart-e] sleeve 249052 px; wrists [(439.5, 927.6, 15.2, 272.0), (1056.3, 984.0, -7.4, 272.0)]
[hand-girl-e4-clap-f2-together-e] sleeve 70582 px; wrists [(477.7, 838.9, 10.9, 266.0), (560, 716, -8, 240)]
[hand-girl-e6-stretch-e] sleeve 83153 px; wrists [(578.1, 734.3, 13.9, 250.0)]
[hand-girl-e7-shrug-e] sleeve 168280 px; wrists [(606, 941, 38, 240)]
[hand-girl-f1-piano-f1-raised-e] sleeve 43912 px; wrists [(704.4, 815.5, -21.7, 188.0)]
[hand-girl-f1-piano-f2-pressed-e] sleeve 89449 px; wrists [(642.3, 752.7, -19.0, 296.0)]
[hand-girl-f2-drum-cupped-t] sleeve 35800 px; wrists [(512.3, 873.4, 27.5, 274.0)]
[hand-girl-f4-phone-two-hands-e] sleeve 231072 px; wrists [(143.4, 1218.6, 3.8, 248.0), (1506.2, 962.0, -51.1, 194.0)]
wrote 47 girl hands, 12 bangle sprites, /home/user/nani-jo-ghar/data/hand-wrists.json, /home/user/nani-jo-ghar/build/contact-sheets/hands-girl.png
