[hand-a1-flat-palm-t] {"skin_action": "distribution matched", "skin_dist_before": 2.29, "skin_dist_after": 0.08, "skin_before": "#D69B6D", "skin_after": "#D79B6C", "forearm_px": 236.0, "scale": 1.059, "canvas": [1120, 1088], "scale_action": "rescaled", "clipped": []}
[hand-a3-palm-up-t] {"skin_action": "distribution matched", "skin_dist_before": 3.31, "skin_dist_after": 0.06, "skin_before": "#D69A6C", "skin_after": "#D59B6E", "forearm_px": 260.0, "scale": 0.962, "scale_action": "within tolerance"}
[hand-a3-palm-up-e] {"skin_action": "distribution matched", "skin_dist_before": 1.1, "skin_dist_after": 0.06, "skin_before": "#D79C6E", "skin_after": "#D69B6D", "forearm_px": 212.0, "scale": 1.179, "canvas": [1232, 1216], "scale_action": "rescaled", "clipped": []}
[hand-a4-reach-e] {"skin_action": "distribution matched", "skin_dist_before": 1.66, "skin_dist_after": 0.07, "skin_before": "#D69B6D", "skin_after": "#D79B6C", "forearm_px": 200.0, "scale": 1.25, "canvas": [1296, 1296], "scale_action": "rescaled", "clipped": []}
[hand-a5-wave-f1-e] {"skin_action": "distribution matched", "skin_dist_before": 7.43, "skin_dist_after": 0.97, "skin_before": "#E4A97A", "skin_after": "#D99D6D", "forearm_px": 248.0, "scale": 1.008, "scale_action": "within tolerance"}
[hand-a5-wave-f2-e] {"skin_action": "distribution matched", "skin_dist_before": 21.58, "skin_dist_after": 0.19, "skin_before": "#E38E47", "skin_after": "#D79B6D", "forearm_px": 228.0, "scale": 1.096, "canvas": [1104, 1136], "scale_action": "rescaled", "clipped": []}
[hand-a6-palm-out-e] {"skin_action": "distribution matched", "skin_dist_before": 6.5, "skin_dist_after": 0.31, "skin_before": "#E3A978", "skin_after": "#D59B6E", "forearm_px": 224.0, "scale": 1.116, "canvas": [1088, 1152], "scale_action": "rescaled", "clipped": []}
[hand-a7-hand-on-heart-e] {"skin_action": "distribution matched", "skin_dist_before": 24.63, "skin_dist_after": 0.28, "skin_before": "#D5853D", "skin_after": "#D69B6D", "forearm_px": 200.0, "scale": 1.25, "canvas": [1312, 1296], "scale_action": "rescaled", "clipped": []}
[hand-a8-cupped-t] {"skin_action": "distribution matched", "skin_dist_before": 6.92, "skin_dist_after": 0.12, "skin_before": "#D69B6C", "skin_after": "#D69B6D", "forearm_px": 280.0, "scale": 0.893, "scale_action": "rescaled", "clipped": []}
[hand-a8-cupped-e] {"skin_action": "distribution matched", "skin_dist_before": 3.5, "skin_dist_after": 0.65, "skin_before": "#D3986B", "skin_after": "#D59A6C", "forearm_px": 204.0, "scale": 1.225, "canvas": [1296, 1264], "scale_action": "rescaled", "clipped": []}
[hand-b2-vertical-grip-t] {"skin_action": "distribution matched", "skin_dist_before": 3.53, "skin_dist_after": 0.16, "skin_before": "#D29669", "skin_after": "#D69B6C", "forearm_px": 264.0, "scale": 0.947, "scale_action": "rescaled", "clipped": []}
[hand-b2-vertical-grip-e] {"key_rim_px": 2399, "skin_action": "distribution matched", "skin_dist_before": 18.51, "skin_dist_after": 2.36, "skin_before": "#D78142", "skin_after": "#D19367", "forearm_px": 180.0, "scale": 1.389, "canvas": [1456, 1424], "scale_action": "rescaled", "clipped": []}
[hand-b3-stick-grip-e] {"key_rim_px": 356, "skin_action": "distribution matched", "skin_dist_before": 16.46, "skin_dist_after": 0.21, "skin_before": "#D68249", "skin_after": "#D89A6B", "forearm_px": 208.0, "scale": 1.202, "canvas": [1264, 1232], "scale_action": "rescaled", "clipped": []}
[hand-b4-rolling-pin-t] {"skin_action": "distribution matched", "skin_dist_before": 2.31, "skin_dist_after": 0.39, "skin_before": "#D4996B", "skin_after": "#D79C6E", "forearm_px": 204.0, "scale": 1.225, "canvas": [1280, 1264], "scale_action": "rescaled", "clipped": []}
[hand-b5-hook-grip-t] {"key_rim_px": 506, "skin_action": "distribution matched", "skin_dist_before": 20.25, "skin_dist_after": 1.04, "skin_before": "#DF864B", "skin_after": "#D79A6B", "forearm_px": 212.0, "scale": 1.179, "canvas": [1232, 1216], "scale_action": "rescaled", "clipped": []}
[hand-c1-pinch-f1-open-t] {"skin_action": "distribution matched", "skin_dist_before": 2.76, "skin_dist_after": 0.34, "skin_before": "#D69B6C", "skin_after": "#D79C6E", "forearm_px": 200.0, "scale": 1.25, "canvas": [1296, 1296], "scale_action": "rescaled", "clipped": []}
[hand-c1-pinch-f2-closed-t] {"skin_action": "distribution matched", "skin_dist_before": 1.96, "skin_dist_after": 0.13, "skin_before": "#D59A6C", "skin_after": "#D69B6D", "forearm_px": 212.0, "scale": 1.179, "canvas": [1232, 1216], "scale_action": "rescaled", "clipped": []}
[hand-c1-pinch-f1-open-e] {"skin_action": "distribution matched", "skin_dist_before": 6.12, "skin_dist_after": 0.23, "skin_before": "#D99E70", "skin_after": "#D69B6D", "scale_action": "arms disagree, left as is (check by eye)", "forearm_px": [220, 92]}
[hand-c1-pinch-f2-closed-e] {"skin_action": "distribution matched", "skin_dist_before": 2.34, "skin_dist_after": 0.31, "skin_before": "#D59A6C", "skin_after": "#D79B6D", "forearm_px": 196.0, "scale": 1.276, "canvas": [1328, 1312], "scale_action": "rescaled", "clipped": []}
[hand-c4-point-t] {"skin_action": "distribution matched", "skin_dist_before": 1.8, "skin_dist_after": 0.2, "skin_before": "#D69B6D", "skin_after": "#D79B6C", "forearm_px": 220.0, "scale": 1.136, "canvas": [1184, 1168], "scale_action": "rescaled", "clipped": []}
[hand-c4-point-e] {"skin_action": "distribution matched", "skin_dist_before": 4.0, "skin_dist_after": 1.43, "skin_before": "#D99E70", "skin_after": "#D5996B", "forearm_px": 248.0, "scale": 1.008, "scale_action": "within tolerance"}
[hand-c5-two-hand-fold-t] {"skin_action": "distribution matched", "skin_dist_before": 1.91, "skin_dist_after": 0.51, "skin_before": "#D49A6C", "skin_after": "#D69B6E", "forearm_px": 168.0, "scale": 1.488, "canvas": [1568, 1536], "scale_action": "rescaled", "clipped": []}
[hand-d1-grab-f1-open-t] {"skin_action": "distribution matched", "skin_dist_before": 26.77, "skin_dist_after": 0.45, "skin_before": "#DF8240", "skin_after": "#D89C6D", "forearm_px": 248.0, "scale": 1.008, "scale_action": "within tolerance"}
[hand-d1-grab-f2-closed-t] {"key_rim_px": 1079, "skin_action": "distribution matched", "skin_dist_before": 13.89, "skin_dist_after": 0.09, "skin_before": "#E09459", "skin_after": "#D69B6D", "forearm_px": 220.0, "scale": 1.136, "canvas": [1200, 1168], "scale_action": "rescaled", "clipped": []}
[hand-d1-grab-f1-open-e] {"skin_action": "distribution matched", "skin_dist_before": 21.36, "skin_dist_after": 1.05, "skin_before": "#DB8442", "skin_after": "#D69A6B", "forearm_px": 208.0, "scale": 1.202, "canvas": [1248, 1232], "scale_action": "rescaled", "clipped": []}
[hand-d1-grab-f2-closed-e] {"key_rim_px": 4343, "skin_action": "distribution matched", "skin_dist_before": 2.41, "skin_dist_after": 0.28, "skin_before": "#D69B6D", "skin_after": "#D69B6C", "forearm_px": 212.0, "scale": 1.179, "canvas": [1216, 1216], "scale_action": "rescaled", "clipped": []}
[hand-d2-c-hold-t] {"key_rim_px": 71, "skin_action": "distribution matched", "skin_dist_before": 19.51, "skin_dist_after": 0.11, "skin_before": "#E18E4E", "skin_after": "#D69B6D", "forearm_px": 196.0, "scale": 1.276, "canvas": [1344, 1312], "scale_action": "rescaled", "clipped": []}
[hand-d2-c-hold-e] {"skin_action": "distribution matched", "skin_dist_before": 6.65, "skin_dist_after": 0.68, "skin_before": "#D59B6D", "skin_after": "#D29A6E", "forearm_px": 216.0, "scale": 1.157, "canvas": [1216, 1200], "scale_action": "rescaled", "clipped": []}
[hand-d4-squeeze-f1-half-t] {"key_rim_px": 72, "skin_action": "distribution matched", "skin_dist_before": 21.28, "skin_dist_after": 0.19, "skin_before": "#D68349", "skin_after": "#D79B6D", "forearm_px": 240.0, "scale": 1.042, "canvas": [1088, 1072], "scale_action": "rescaled", "clipped": []}
[hand-d4-squeeze-f2-tight-t] {"skin_action": "distribution matched", "skin_dist_before": 15.01, "skin_dist_after": 0.6, "skin_before": "#E08B52", "skin_after": "#D99C6D", "forearm_px": 328.0, "scale": 0.762, "scale_action": "rescaled", "clipped": []}
[hand-d5-throw-release-e] {"skin_action": "distribution matched", "skin_dist_before": 7.11, "skin_dist_after": 4.64, "skin_before": "#DCA274", "skin_after": "#D09467", "forearm_px": 212.0, "scale": 1.179, "canvas": [1232, 1216], "scale_action": "rescaled", "clipped": []}
[hand-d6-two-hand-catch-f2-closed-e] {"skin_action": "distribution matched", "skin_dist_before": 10.66, "skin_dist_after": 0.87, "skin_before": "#D4996B", "skin_after": "#D59C6F", "scale_action": "arms disagree, left as is (check by eye)", "forearm_px": [188, 264]}
[hand-e1-thumbs-up-e] {"skin_action": "distribution matched", "skin_dist_before": 4.27, "skin_dist_after": 0.49, "skin_before": "#D99D6F", "skin_after": "#D79C6D", "forearm_px": 286.0, "scale": 0.874, "scale_action": "rescaled", "clipped": []}
[hand-e2-handshake-e] {"skin_action": "distribution matched", "skin_dist_before": 25.91, "skin_dist_after": 2.66, "skin_before": "#D77036", "skin_after": "#D5986A", "forearm_px": 196.0, "scale": 1.276, "canvas": [1328, 1312], "scale_action": "rescaled", "clipped": []}
[hand-e3-count-1-e] {"skin_action": "distribution matched", "skin_dist_before": 4.44, "skin_dist_after": 0.12, "skin_before": "#D89C6E", "skin_after": "#D79B6C", "forearm_px": 264.0, "scale": 0.947, "scale_action": "rescaled", "clipped": []}
[hand-e3-count-2-e] {"skin_action": "distribution matched", "skin_dist_before": 1.08, "skin_dist_after": 0.06, "skin_before": "#D69B6D", "skin_after": "#D69B6E", "forearm_px": 244.0, "scale": 1.025, "scale_action": "within tolerance"}
[hand-e3-count-3-e] {"skin_action": "distribution matched", "skin_dist_before": 1.69, "skin_dist_after": 0.08, "skin_before": "#D99E70", "skin_after": "#D69B6D", "forearm_px": 244.0, "scale": 1.025, "scale_action": "within tolerance"}
[hand-e3-count-5-e] {"skin_action": "distribution matched", "skin_dist_before": 2.59, "skin_dist_after": 0.15, "skin_before": "#D69C6D", "skin_after": "#D69B6D", "forearm_px": 252.0, "scale": 0.992, "scale_action": "within tolerance"}
[hand-e4-clap-f1-apart-e] {"skin_action": "distribution matched", "skin_dist_before": 14.39, "skin_dist_after": 0.2, "skin_before": "#E59F5E", "skin_after": "#D59C6E", "forearm_px": 176.0, "scale": 1.42, "canvas": [1488, 1456], "scale_action": "rescaled", "clipped": []}
[hand-e4-clap-f2-together-e] {"skin_action": "distribution matched", "skin_dist_before": 21.02, "skin_dist_after": 0.77, "skin_before": "#EA974D", "skin_after": "#D79A6C", "forearm_px": 296.0, "scale": 0.845, "scale_action": "rescaled", "clipped": []}
[hand-e6-stretch-e] {"skin_action": "distribution matched", "skin_dist_before": 18.8, "skin_dist_after": 1.4, "skin_before": "#D98243", "skin_after": "#D7996B", "forearm_px": 224.0, "scale": 1.116, "canvas": [1168, 1152], "scale_action": "rescaled", "clipped": []}
[hand-e7-shrug-e] {"skin_action": "distribution matched", "skin_dist_before": 1.98, "skin_dist_after": 0.08, "skin_before": "#D69B6D", "skin_after": "#D79B6C", "forearm_px": 172.0, "scale": 1.453, "canvas": [1520, 1488], "scale_action": "rescaled", "clipped": []}
[hand-f1-piano-f1-raised-e] {"skin_action": "distribution matched", "skin_dist_before": 19.59, "skin_dist_after": 2.13, "skin_before": "#C97A3F", "skin_after": "#D39669", "forearm_px": 340.0, "scale": 0.735, "scale_action": "rescaled", "clipped": []}
[hand-f1-piano-f2-pressed-e] {"skin_action": "distribution matched", "skin_dist_before": 13.87, "skin_dist_after": 0.06, "skin_before": "#D68D56", "skin_after": "#D69B6D", "forearm_px": 216.0, "scale": 1.157, "canvas": [1024, 1056], "scale_action": "rescaled", "clipped": []}
[hand-f2-drum-cupped-t] {"skin_action": "distribution matched", "skin_dist_before": 21.51, "skin_dist_after": 0.63, "skin_before": "#DD853F", "skin_after": "#D69A6C", "forearm_px": 276.0, "scale": 0.906, "scale_action": "rescaled", "clipped": []}
[hand-f4-phone-two-hands-e] {"skin_action": "distribution matched", "skin_dist_before": 6.77, "skin_dist_after": 1.88, "skin_before": "#D79D6E", "skin_after": "#D59C6E", "forearm_px": 164.0, "scale": 1.524, "canvas": [1584, 1568], "scale_action": "rescaled", "clipped": []}
[hand-b1-handle-grip-t] {"key_rim_px": 569, "skin_action": "distribution matched", "skin_dist_before": 2.97, "skin_dist_after": 0.12, "skin_before": "#D69B6D", "skin_after": "#D79B6D", "forearm_px": 204.0, "scale": 1.225, "canvas": [1280, 1264], "scale_action": "rescaled", "clipped": []}
[hand-c3-side-pinch-t] {"key_rim_px": 2562, "skin_action": "distribution matched", "skin_dist_before": 2.31, "skin_dist_after": 0.14, "skin_before": "#D69B6D", "skin_after": "#D79B6C", "forearm_px": 148.0, "scale": 1.689, "scale_action": "out of range, left as is"}
