[hand-a1-flat-palm-t] {"skin_action": "distribution matched", "skin_dist_before": 0.14, "skin_dist_after": 0.14, "skin_before": "#D69A6B", "skin_after": "#D69A6B", "forearm_px": 248.0, "scale": 1.008, "scale_action": "within tolerance"}
[hand-a3-palm-up-t] {"skin_action": "distribution matched", "skin_dist_before": 0.17, "skin_dist_after": 0.13, "skin_before": "#D59B6E", "skin_after": "#D59B6E", "forearm_px": 260.0, "scale": 0.962, "scale_action": "within tolerance"}
[hand-a3-palm-up-e] {"skin_action": "distribution matched", "skin_dist_before": 0.08, "skin_dist_after": 0.08, "skin_before": "#D69B6C", "skin_after": "#D69B6C", "forearm_px": 212.0, "scale": 1.179, "canvas": [1232, 1216], "scale_action": "rescaled", "clipped": []}
[hand-a4-reach-e] {"skin_action": "distribution matched", "skin_dist_before": 0.1, "skin_dist_after": 0.1, "skin_before": "#D69B6C", "skin_after": "#D69B6C", "forearm_px": 212.0, "scale": 1.179, "canvas": [1216, 1216], "scale_action": "rescaled", "clipped": []}
[hand-a5-wave-f1-e] {"skin_action": "distribution matched", "skin_dist_before": 0.14, "skin_dist_after": 0.15, "skin_before": "#D79B6D", "skin_after": "#D79B6D", "forearm_px": 248.0, "scale": 1.008, "scale_action": "within tolerance"}
[hand-a6-palm-out-e] {"skin_action": "distribution matched", "skin_dist_before": 0.42, "skin_dist_after": 0.12, "skin_before": "#D69B6F", "skin_after": "#D59B6E", "forearm_px": 236.0, "scale": 1.059, "canvas": [1024, 1104], "scale_action": "rescaled", "clipped": []}
[hand-a8-cupped-t] {"skin_action": "distribution matched", "skin_dist_before": 0.97, "skin_dist_after": 0.28, "skin_before": "#D79C6F", "skin_after": "#D69B6E", "forearm_px": 252.0, "scale": 0.992, "scale_action": "within tolerance"}
[hand-a8-cupped-e] {"skin_action": "distribution matched", "skin_dist_before": 0.59, "skin_dist_after": 0.16, "skin_before": "#D59A6C", "skin_after": "#D69B6D", "forearm_px": 204.0, "scale": 1.225, "canvas": [1296, 1264], "scale_action": "rescaled", "clipped": []}
[hand-b2-vertical-grip-t] {"skin_action": "distribution matched", "skin_dist_before": 0.24, "skin_dist_after": 0.26, "skin_before": "#D59A6C", "skin_after": "#D59B6C", "forearm_px": 252.0, "scale": 0.992, "scale_action": "within tolerance"}
[hand-b4-rolling-pin-t] {"skin_action": "distribution matched", "skin_dist_before": 0.4, "skin_dist_after": 0.09, "skin_before": "#D69B6E", "skin_after": "#D69B6D", "forearm_px": 246.0, "scale": 1.016, "scale_action": "within tolerance"}
[hand-c1-pinch-f1-open-t] {"skin_action": "distribution matched", "skin_dist_before": 0.86, "skin_dist_after": 0.2, "skin_before": "#D69C6F", "skin_after": "#D59B6E", "forearm_px": 236.0, "scale": 1.059, "canvas": [1104, 1104], "scale_action": "rescaled", "clipped": []}
[hand-c1-pinch-f2-closed-t] {"skin_action": "distribution matched", "skin_dist_before": 0.16, "skin_dist_after": 0.12, "skin_before": "#D69B6D", "skin_after": "#D69B6D", "forearm_px": 236.0, "scale": 1.059, "canvas": [1104, 1104], "scale_action": "rescaled", "clipped": []}
[hand-c1-pinch-f1-open-e] {"skin_action": "distribution matched", "skin_dist_before": 0.18, "skin_dist_after": 0.12, "skin_before": "#D69B6C", "skin_after": "#D69B6C", "forearm_px": 244.0, "scale": 1.025, "scale_action": "within tolerance"}
[hand-c1-pinch-f2-closed-e] {"skin_action": "distribution matched", "skin_dist_before": 0.51, "skin_dist_after": 0.27, "skin_before": "#D79B6D", "skin_after": "#D69B6D", "forearm_px": 224.0, "scale": 1.116, "canvas": [1120, 1152], "scale_action": "rescaled", "clipped": []}
[hand-c4-point-t] {"skin_action": "distribution matched", "skin_dist_before": 0.29, "skin_dist_after": 0.1, "skin_before": "#D79A6B", "skin_after": "#D79A6C", "forearm_px": 232.0, "scale": 1.078, "canvas": [1136, 1120], "scale_action": "rescaled", "clipped": []}
[hand-c4-point-e] {"skin_action": "distribution matched", "skin_dist_before": 1.69, "skin_dist_after": 0.32, "skin_before": "#D5986A", "skin_after": "#D79A6C", "forearm_px": 248.0, "scale": 1.008, "scale_action": "within tolerance"}
[hand-c5-two-hand-fold-t] {"skin_action": "distribution matched", "skin_dist_before": 0.41, "skin_dist_after": 0.1, "skin_before": "#D69C6E", "skin_after": "#D59B6D", "forearm_px": 168.0, "scale": 1.488, "canvas": [1568, 1536], "scale_action": "rescaled", "clipped": []}
[hand-d1-grab-f2-closed-e] {"key_rim_px": 335, "skin_action": "distribution matched", "skin_dist_before": 0.85, "skin_dist_after": 0.34, "skin_before": "#D69B6D", "skin_after": "#D79B6C", "forearm_px": 240.0, "scale": 1.042, "canvas": [1072, 1088], "scale_action": "rescaled", "clipped": []}
[hand-d2-c-hold-e] {"skin_action": "distribution matched", "skin_dist_before": 1.03, "skin_dist_after": 0.45, "skin_before": "#D99D70", "skin_after": "#DA9D70", "forearm_px": 256.0, "scale": 0.977, "scale_action": "within tolerance"}
[hand-d5-throw-release-e] {"skin_action": "distribution matched", "skin_dist_before": 3.47, "skin_dist_after": 1.58, "skin_before": "#D19569", "skin_after": "#D4996C", "forearm_px": 216.0, "scale": 1.157, "canvas": [1200, 1200], "scale_action": "rescaled", "clipped": []}
[hand-d6-two-hand-catch-f2-closed-e] {"skin_action": "distribution matched", "skin_dist_before": 2.35, "skin_dist_after": 0.55, "skin_before": "#D79D71", "skin_after": "#D59C6F", "forearm_px": 248.0, "scale": 1.008, "scale_action": "within tolerance"}
[hand-e1-thumbs-up-e] {"skin_action": "distribution matched", "skin_dist_before": 0.57, "skin_dist_after": 0.31, "skin_before": "#D6996B", "skin_after": "#D69A6C", "forearm_px": 240.0, "scale": 1.042, "canvas": [1024, 1072], "scale_action": "rescaled", "clipped": []}
[hand-e3-count-1-e] {"skin_action": "distribution matched", "skin_dist_before": 0.27, "skin_dist_after": 0.11, "skin_before": "#D69A6C", "skin_after": "#D69A6C", "forearm_px": 248.0, "scale": 1.008, "scale_action": "within tolerance"}
[hand-e3-count-2-e] {"skin_action": "distribution matched", "skin_dist_before": 0.16, "skin_dist_after": 0.15, "skin_before": "#D69B6E", "skin_after": "#D69B6E", "forearm_px": 244.0, "scale": 1.025, "scale_action": "within tolerance"}
[hand-e3-count-3-e] {"skin_action": "distribution matched", "skin_dist_before": 0.33, "skin_dist_after": 0.14, "skin_before": "#D59B6D", "skin_after": "#D59B6D", "forearm_px": 244.0, "scale": 1.025, "scale_action": "within tolerance"}
[hand-e3-count-5-e] {"skin_action": "distribution matched", "skin_dist_before": 0.17, "skin_dist_after": 0.11, "skin_before": "#D69A6C", "skin_after": "#D69A6C", "forearm_px": 252.0, "scale": 0.992, "scale_action": "within tolerance"}
[hand-e7-shrug-e] {"skin_action": "distribution matched", "skin_dist_before": 0.14, "skin_dist_after": 0.11, "skin_before": "#D69B6C", "skin_after": "#D69B6C", "forearm_px": 172.0, "scale": 1.453, "canvas": [1520, 1488], "scale_action": "rescaled", "clipped": []}
[hand-f4-phone-two-hands-e] {"skin_action": "distribution matched", "skin_dist_before": 1.59, "skin_dist_after": 0.37, "skin_before": "#DB9E71", "skin_after": "#D99B6E", "scale_action": "arms disagree, left as is (check by eye)", "forearm_px": [132, 156]}
