[hand-a1-flat-palm-t] {"skin_action": "distribution matched", "skin_dist_before": 2.21, "skin_dist_after": 0.06, "skin_before": "#D69B6D", "skin_after": "#D79B6C", "forearm_px": 236.0, "scale": 1.059, "scale_action": "rescaled", "clipped": []}
[hand-a3-palm-up-t] {"skin_action": "distribution matched", "skin_dist_before": 3.3, "skin_dist_after": 0.17, "skin_before": "#D69A6C", "skin_after": "#D59B6E", "forearm_px": 260.0, "scale": 0.962, "scale_action": "within tolerance"}
[hand-a3-palm-up-e] {"skin_action": "distribution matched", "skin_dist_before": 1.24, "skin_dist_after": 0.08, "skin_before": "#D79C6E", "skin_after": "#D69B6C", "forearm_px": 212.0, "scale": 1.179, "scale_limited_by_frame": 0.973, "scale_action": "needs growing but no room in the frame (check by eye)"}
[hand-a4-reach-e] {"skin_action": "distribution matched", "skin_dist_before": 2.11, "skin_dist_after": 0.12, "skin_before": "#D49A6C", "skin_after": "#D69B6C", "forearm_px": 200.0, "scale": 1.25, "scale_limited_by_frame": 1.049, "scale_action": "rescaled", "clipped": []}
[hand-a5-wave-f1-e] {"skin_action": "distribution matched", "skin_dist_before": 13.27, "skin_dist_after": 0.2, "skin_before": "#FAC492", "skin_after": "#D79B6D", "forearm_px": 240.0, "scale": 1.042, "scale_action": "rescaled", "clipped": []}
[hand-a6-palm-out-e] {"skin_action": "distribution matched", "skin_dist_before": 6.54, "skin_dist_after": 0.44, "skin_before": "#E2A978", "skin_after": "#D69B6F", "forearm_px": 224.0, "scale": 1.116, "scale_limited_by_frame": 1.041, "scale_action": "rescaled", "clipped": []}
[hand-a8-cupped-t] {"skin_action": "distribution matched", "skin_dist_before": 6.88, "skin_dist_after": 0.81, "skin_before": "#D59B6D", "skin_after": "#D79C6F", "forearm_px": 280.0, "scale": 0.893, "scale_action": "rescaled", "clipped": []}
[hand-a8-cupped-e] {"skin_action": "distribution matched", "skin_dist_before": 3.46, "skin_dist_after": 0.59, "skin_before": "#D3986A", "skin_after": "#D59A6C", "forearm_px": 204.0, "scale": 1.225, "scale_limited_by_frame": 0.967, "scale_action": "needs growing but no room in the frame (check by eye)"}
[hand-b2-vertical-grip-t] {"skin_action": "distribution matched", "skin_dist_before": 3.55, "skin_dist_after": 0.16, "skin_before": "#D29669", "skin_after": "#D59B6C", "forearm_px": 264.0, "scale": 0.947, "scale_action": "rescaled", "clipped": []}
[hand-b4-rolling-pin-t] {"skin_action": "distribution matched", "skin_dist_before": 2.92, "skin_dist_after": 0.42, "skin_before": "#D79D6F", "skin_after": "#D79B6E", "forearm_px": 232.0, "scale": 1.078, "scale_limited_by_frame": 1.049, "scale_action": "rescaled", "clipped": []}
[hand-c1-pinch-f1-open-t] {"skin_action": "distribution matched", "skin_dist_before": 2.86, "skin_dist_after": 0.34, "skin_before": "#D4996B", "skin_after": "#D69B6E", "forearm_px": 200.0, "scale": 1.25, "scale_limited_by_frame": 1.169, "scale_action": "rescaled", "clipped": []}
[hand-c1-pinch-f2-closed-t] {"skin_action": "distribution matched", "skin_dist_before": 2.01, "skin_dist_after": 0.14, "skin_before": "#D59A6C", "skin_after": "#D69B6D", "forearm_px": 212.0, "scale": 1.179, "scale_limited_by_frame": 1.121, "scale_action": "rescaled", "clipped": []}
[hand-c1-pinch-f1-open-e] {"skin_action": "distribution matched", "skin_dist_before": 8.15, "skin_dist_after": 0.2, "skin_before": "#DEA475", "skin_after": "#D69B6C", "forearm_px": 216.0, "scale": 1.157, "scale_limited_by_frame": 1.137, "scale_action": "rescaled", "clipped": []}
[hand-c1-pinch-f2-closed-e] {"skin_action": "distribution matched", "skin_dist_before": 2.16, "skin_dist_after": 0.24, "skin_before": "#D59A6C", "skin_after": "#D69B6D", "forearm_px": 196.0, "scale": 1.276, "scale_limited_by_frame": 1.14, "scale_action": "rescaled", "clipped": []}
[hand-c4-point-t] {"skin_action": "distribution matched", "skin_dist_before": 1.97, "skin_dist_after": 0.2, "skin_before": "#D4996B", "skin_after": "#D79A6C", "forearm_px": 220.0, "scale": 1.136, "scale_limited_by_frame": 1.056, "scale_action": "rescaled", "clipped": []}
[hand-c4-point-e] {"skin_action": "distribution matched", "skin_dist_before": 4.13, "skin_dist_after": 1.69, "skin_before": "#D79D6F", "skin_after": "#D5986A", "forearm_px": 248.0, "scale": 1.008, "scale_action": "within tolerance"}
[hand-c5-two-hand-fold-t] {"skin_action": "distribution matched", "skin_dist_before": 2.4, "skin_dist_after": 0.41, "skin_before": "#D59C6E", "skin_after": "#D69C6E", "forearm_px": 168.0, "scale": 1.488, "scale_limited_by_frame": 0.988, "scale_action": "needs growing but no room in the frame (check by eye)"}
[hand-d1-grab-f2-closed-e] {"key_rim_px": 5537, "skin_action": "distribution matched", "skin_dist_before": 2.47, "skin_dist_after": 0.3, "skin_before": "#D69B6D", "skin_after": "#D69B6C", "forearm_px": 212.0, "scale": 1.179, "scale_limited_by_frame": 1.125, "scale_action": "rescaled", "clipped": []}
[hand-d2-c-hold-e] {"skin_action": "distribution matched", "skin_dist_before": 13.08, "skin_dist_after": 1.03, "skin_before": "#F8BF8A", "skin_after": "#D99D70", "forearm_px": 256.0, "scale": 0.977, "scale_action": "within tolerance"}
[hand-d5-throw-release-e] {"skin_action": "distribution matched", "skin_dist_before": 8.14, "skin_dist_after": 3.44, "skin_before": "#D99E70", "skin_after": "#D19569", "forearm_px": 204.0, "scale": 1.225, "scale_limited_by_frame": 1.064, "scale_action": "rescaled", "clipped": []}
[hand-d6-two-hand-catch-f2-closed-e] {"skin_action": "distribution matched", "skin_dist_before": 15.51, "skin_dist_after": 2.79, "skin_before": "#EFBD8B", "skin_after": "#D39D6F", "forearm_px": 196.0, "scale": 1.276, "scale_limited_by_frame": 1.054, "scale_action": "rescaled", "clipped": []}
[hand-e1-thumbs-up-e] {"skin_action": "distribution matched", "skin_dist_before": 7.73, "skin_dist_after": 0.3, "skin_before": "#E8AD7C", "skin_after": "#D69A6C", "forearm_px": 228.0, "scale": 1.096, "scale_limited_by_frame": 1.059, "scale_action": "rescaled", "clipped": []}
[hand-e3-count-1-e] {"skin_action": "distribution matched", "skin_dist_before": 4.39, "skin_dist_after": 0.18, "skin_before": "#D89C6E", "skin_after": "#D69B6C", "forearm_px": 264.0, "scale": 0.947, "scale_action": "rescaled", "clipped": []}
[hand-e3-count-2-e] {"skin_action": "distribution matched", "skin_dist_before": 1.11, "skin_dist_after": 0.16, "skin_before": "#D49A6C", "skin_after": "#D69B6E", "forearm_px": 244.0, "scale": 1.025, "scale_action": "within tolerance"}
[hand-e3-count-3-e] {"skin_action": "distribution matched", "skin_dist_before": 1.85, "skin_dist_after": 0.33, "skin_before": "#D89E6F", "skin_after": "#D59B6D", "forearm_px": 244.0, "scale": 1.025, "scale_action": "within tolerance"}
[hand-e3-count-5-e] {"skin_action": "distribution matched", "skin_dist_before": 3.46, "skin_dist_after": 0.17, "skin_before": "#D59A6C", "skin_after": "#D69A6C", "forearm_px": 252.0, "scale": 0.992, "scale_action": "within tolerance"}
[hand-e7-shrug-e] {"skin_action": "distribution matched", "skin_dist_before": 1.91, "skin_dist_after": 0.14, "skin_before": "#D59A6C", "skin_after": "#D69B6C", "forearm_px": 172.0, "scale": 1.453, "scale_limited_by_frame": 0.97, "scale_action": "needs growing but no room in the frame (check by eye)"}
[hand-f4-phone-two-hands-e] {"skin_action": "distribution matched", "skin_dist_before": 12.73, "skin_dist_after": 1.54, "skin_before": "#F2BA86", "skin_after": "#DB9E71", "forearm_px": 270.0, "scale": 0.926, "scale_action": "rescaled", "clipped": []}
