[player-boy] hand-a1-flat-palm-t
[player-boy] hand-a3-palm-up-t
[player-boy] hand-a3-palm-up-e
[player-boy] hand-a4-reach-e
[player-boy] hand-a5-wave-f1-e
[player-boy] hand-a5-wave-f2-e
[player-boy] hand-a6-palm-out-e
[player-boy] hand-a7-hand-on-heart-e
[player-boy] hand-a8-cupped-t
[player-boy] hand-a8-cupped-e
[player-boy] hand-b2-vertical-grip-t
[player-boy] hand-b2-vertical-grip-e
[player-boy] hand-b3-stick-grip-e
[player-boy] hand-b4-rolling-pin-t
[player-boy] hand-b5-hook-grip-t
[player-boy] hand-b5-hook-grip-e
[player-boy] hand-c1-pinch-f1-open-t
[player-boy] hand-c1-pinch-f2-closed-t
[player-boy] hand-c1-pinch-f1-open-e
[player-boy] hand-c1-pinch-f2-closed-e
[player-boy] hand-c4-point-t
[player-boy] hand-c4-point-e
[player-boy] hand-c5-two-hand-fold-t
[player-boy] hand-d1-grab-f1-open-t
[player-boy] hand-d1-grab-f2-closed-t
[player-boy] hand-d1-grab-f1-open-e
[player-boy] hand-d1-grab-f2-closed-e
[player-boy] hand-d2-c-hold-t
[player-boy] hand-d2-c-hold-e
[player-boy] hand-d4-squeeze-f1-half-t
[player-boy] hand-d4-squeeze-f2-tight-t
[player-boy] hand-d5-throw-release-e
[player-boy] hand-d6-two-hand-catch-f2-closed-e
[player-boy] hand-e1-thumbs-up-e
[player-boy] hand-e2-handshake-e
[player-boy] hand-e3-count-1-e
[player-boy] hand-e3-count-2-e
[player-boy] hand-e3-count-3-e
[player-boy] hand-e3-count-5-e
[player-boy] hand-e4-clap-f1-apart-e
[player-boy] hand-e4-clap-f2-together-e
[player-boy] hand-e6-stretch-e
[player-boy] hand-e7-shrug-e
[player-boy] hand-f1-piano-f1-raised-e
[player-boy] hand-f1-piano-f2-pressed-e
[player-boy] hand-f2-drum-cupped-t
[player-boy] hand-f4-phone-two-hands-e
[player-boy] 47 images -> /home/user/nani-jo-ghar/assets/characters/hands/skins/player-boy
[player-girl] hand-a1-flat-palm-t
[player-girl] hand-a3-palm-up-t
[player-girl] hand-a3-palm-up-e
[player-girl] hand-a4-reach-e
[player-girl] hand-a5-wave-f1-e
[player-girl] hand-a5-wave-f2-e
[player-girl] hand-a6-palm-out-e
[player-girl] hand-a7-hand-on-heart-e
[player-girl] hand-a8-cupped-t
[player-girl] hand-a8-cupped-e
[player-girl] hand-b2-vertical-grip-t
[player-girl] hand-b2-vertical-grip-e
[player-girl] hand-b3-stick-grip-e
